CHARMM General Force Field (CGenFF) program version 4.0
released June 2024
Copyright (C) 2020 SilcBio LLC
and University of Maryland, School of Pharmacy. All Rights Reserved.

Licensed to:
academic user
academicnuniversity

License expires: Thu Dec 31 00:00:00 2026

readprm warning: IMPROPER parameter not in canonical format
CG2R64 NG2R62 CG2RC0 NG2S3     40.00  0     0.00 !A base, adm

readpar warning: DIHEDRAL parameters not sorted
readpar warning: IMPROPER parameters not sorted
readpar debug: read 1305 bonds, 6776 angles, 29044 dihedrals, 487 impropers
               and 1034333 characters worth of comments.
readmol2 warning: renaming non-unique atom C to C1 .
readmol2 warning: renaming non-unique atom C to C2 .
readmol2 warning: renaming non-unique atom C to C3 .
readmol2 warning: renaming non-unique atom C to C4 .
readmol2 warning: renaming non-unique atom C to C5 .
readmol2 warning: renaming non-unique atom C to C6 .
readmol2 warning: renaming non-unique atom C to C7 .
readmol2 warning: renaming non-unique atom C to C8 .
readmol2 warning: renaming non-unique atom C to C9 .
readmol2 warning: renaming non-unique atom H to H1 .
readmol2 warning: renaming non-unique atom H to H2 .
readmol2 warning: renaming non-unique atom H to H3 .
readmol2 warning: renaming non-unique atom H to H4 .
readmol2 warning: renaming non-unique atom H to H5 .
readmol2 warning: renaming non-unique atom H to H6 .
readmol2 warning: renaming non-unique atom H to H7 .
readmol2 warning: renaming non-unique atom H to H8 .
readmol2 warning: renaming non-unique atom O to O1 .
readmol2 warning: renaming non-unique atom O to O2 .
readmol2 warning: renaming non-unique atom O to O3 .
readmol2 warning: renaming non-unique atom O to O4 .
Now processing molecule BENZOIC ...
ringper debug: stored 6-membered ring in stage 1.
resonance debug: found perfect resonance chain with
charge 0 ( 0 positive and 0 negative centers) and 0 potential aromatic rings
paranalogy debug: finding analogy for dihedral CG2O2 CG2R61 CG2R61 OG302
paranalogy debug: finding analogy for dihedral CG2R61 OG302 CG2O2 CG331
paranalogy debug: finding analogy for dihedral CG2O2 CG2R61 CG2R61 OG302
paranalogy debug: finding analogy for dihedral CG2R61 OG302 CG2O2 CG331
